apiVersion: policy/v1
kind: PodDisruptionBudget
metadata:
  labels:
    app.kubernetes.io/instance: insight-etcd
    app.kubernetes.io/managed-by: Helm
    app.kubernetes.io/name: etcd
    helm.sh/chart: etcd-9.1.0
  name: etcd
  namespace: efk-insight-etcd
spec:
  minAvailable: 51%
  selector:
    matchLabels:
      app.kubernetes.io/component: etcd
      app.kubernetes.io/instance: insight-etcd
      app.kubernetes.io/name: etcd
