apiVersion: v1
kind: Service
metadata:
  annotations:
    service.alpha.kubernetes.io/tolerate-unready-endpoints: 'true'
  labels:
    app.kubernetes.io/instance: insight-etcd
    app.kubernetes.io/managed-by: Helm
    app.kubernetes.io/name: etcd
    helm.sh/chart: etcd-9.1.0
  name: etcd-headless
  namespace: efk-insight-etcd
spec:
  clusterIP: None
  ports:
    - name: client
      port: 2379
      targetPort: client
    - name: peer
      port: 2380
      targetPort: peer
  publishNotReadyAddresses: true
  selector:
    app.kubernetes.io/instance: insight-etcd
    app.kubernetes.io/name: etcd
  type: ClusterIP
