apiVersion: v1
kind: Service
metadata:
  annotations: null
  labels:
    app.kubernetes.io/instance: insight-etcd
    app.kubernetes.io/managed-by: Helm
    app.kubernetes.io/name: etcd
    helm.sh/chart: etcd-9.1.0
  name: etcd
  namespace: efk-insight-etcd
spec:
  ports:
    - name: client
      nodePort: null
      port: 2379
      targetPort: client
    - name: peer
      nodePort: null
      port: 2380
      targetPort: peer
  selector:
    app.kubernetes.io/instance: insight-etcd
    app.kubernetes.io/name: etcd
  sessionAffinity: None
  type: ClusterIP
