apiVersion: rbac.authorization.k8s.io/v1
kind: ClusterRole
metadata:
  labels:
    app.kubernetes.io/component: operator
    app.kubernetes.io/instance: agent-operator
    app.kubernetes.io/managed-by: Helm
    app.kubernetes.io/name: grafana-agent-operator
    app.kubernetes.io/version: 0.40.1
    helm.sh/chart: grafana-agent-operator-0.3.17
  name: agent-operator
rules:
  - apiGroups:
      - monitoring.grafana.com
    resources:
      - grafanaagents
      - metricsinstances
      - logsinstances
      - podlogs
      - integrations
    verbs:
      - get
      - list
      - watch
  - apiGroups:
      - monitoring.grafana.com
    resources:
      - grafanaagents/finalizers
      - metricsinstances/finalizers
      - logsinstances/finalizers
      - podlogs/finalizers
      - integrations/finalizers
    verbs:
      - get
      - list
      - watch
      - update
  - apiGroups:
      - monitoring.coreos.com
    resources:
      - podmonitors
      - probes
      - servicemonitors
    verbs:
      - get
      - list
      - watch
  - apiGroups:
      - monitoring.coreos.com
    resources:
      - podmonitors/finalizers
      - probes/finalizers
      - servicemonitors/finalizers
    verbs:
      - get
      - list
      - watch
      - update
  - apiGroups:
      - ''
    resources:
      - namespaces
      - nodes
    verbs:
      - get
      - list
      - watch
  - apiGroups:
      - ''
    resources:
      - secrets
      - services
      - configmaps
      - endpoints
    verbs:
      - get
      - list
      - watch
      - create
      - update
      - patch
      - delete
  - apiGroups:
      - apps
    resources:
      - statefulsets
      - daemonsets
      - deployments
    verbs:
      - get
      - list
      - watch
      - create
      - update
      - patch
      - delete
