apiVersion: apps/v1
kind: Deployment
metadata:
  annotations: {}
  labels:
    app.kubernetes.io/component: distributor
    app.kubernetes.io/instance: mimir
    app.kubernetes.io/managed-by: Helm
    app.kubernetes.io/name: mimir
    app.kubernetes.io/part-of: memberlist
    app.kubernetes.io/version: 2.11.0
    helm.sh/chart: mimir-distributed-5.2.2
  name: mimir-distributor
  namespace: efk-observer-mimir
spec:
  replicas: 1
  selector:
    matchLabels:
      app.kubernetes.io/component: distributor
      app.kubernetes.io/instance: mimir
      app.kubernetes.io/name: mimir
  strategy:
    rollingUpdate:
      maxSurge: 15%
      maxUnavailable: 0
    type: RollingUpdate
  template:
    metadata:
      annotations:
        checksum/config: 57b5a6038a55b5aa50b133a99912a0498a89a708b34a377aeec058c4d7316798
      labels:
        app.kubernetes.io/component: distributor
        app.kubernetes.io/instance: mimir
        app.kubernetes.io/managed-by: Helm
        app.kubernetes.io/name: mimir
        app.kubernetes.io/part-of: memberlist
        app.kubernetes.io/version: 2.11.0
        helm.sh/chart: mimir-distributed-5.2.2
      namespace: efk-observer-mimir
    spec:
      affinity: {}
      containers:
        - args:
            - -target=distributor
            - -config.expand-env=true
            - -config.file=/etc/mimir/mimir.yaml
          env:
            - name: GOMAXPROCS
              value: '8'
          envFrom:
            - secretRef:
                name: observer-mimir-metrics-store
          image: grafana/mimir:2.11.0
          imagePullPolicy: IfNotPresent
          livenessProbe: null
          name: distributor
          ports:
            - containerPort: 8080
              name: http-metrics
              protocol: TCP
            - containerPort: 9095
              name: grpc
              protocol: TCP
            - containerPort: 7946
              name: memberlist
              protocol: TCP
          readinessProbe:
            httpGet:
              path: /ready
              port: http-metrics
            initialDelaySeconds: 45
          resources:
            requests:
              cpu: 100m
              memory: 512Mi
          securityContext:
            allowPrivilegeEscalation: false
            capabilities:
              drop:
                - ALL
            readOnlyRootFilesystem: true
          volumeMounts:
            - mountPath: /etc/mimir
              name: config
            - mountPath: /var/mimir
              name: runtime-config
            - mountPath: /data
              name: storage
              subPath: null
            - mountPath: /active-query-tracker
              name: active-queries
      initContainers: []
      nodeSelector: {}
      securityContext:
        fsGroup: 10001
        runAsGroup: 10001
        runAsNonRoot: true
        runAsUser: 10001
        seccompProfile:
          type: RuntimeDefault
      serviceAccountName: mimir
      terminationGracePeriodSeconds: 60
      tolerations: []
      topologySpreadConstraints:
        - labelSelector:
            matchLabels:
              app.kubernetes.io/component: distributor
              app.kubernetes.io/instance: mimir
              app.kubernetes.io/name: mimir
          maxSkew: 1
          topologyKey: kubernetes.io/hostname
          whenUnsatisfiable: DoNotSchedule
      volumes:
        - configMap:
            items:
              - key: mimir.yaml
                path: mimir.yaml
            name: mimir-config
          name: config
        - configMap:
            name: mimir-runtime
          name: runtime-config
        - emptyDir: {}
          name: storage
        - emptyDir: {}
          name: active-queries
