apiVersion: policy/v1
kind: PodDisruptionBudget
metadata:
  labels:
    app.kubernetes.io/component: distributor
    app.kubernetes.io/instance: mimir
    app.kubernetes.io/managed-by: Helm
    app.kubernetes.io/name: mimir
    app.kubernetes.io/version: 2.11.0
    helm.sh/chart: mimir-distributed-5.2.2
  name: mimir-distributor
  namespace: efk-observer-mimir
spec:
  maxUnavailable: 1
  selector:
    matchLabels:
      app.kubernetes.io/component: distributor
      app.kubernetes.io/instance: mimir
      app.kubernetes.io/name: mimir
