apiVersion: apps/v1
kind: Deployment
metadata:
  labels:
    app.kubernetes.io/component: operator
    app.kubernetes.io/instance: agent-operator
    app.kubernetes.io/managed-by: Helm
    app.kubernetes.io/name: grafana-agent-operator
    app.kubernetes.io/version: 0.40.1
    helm.sh/chart: grafana-agent-operator-0.3.17
  name: agent-operator
spec:
  replicas: 1
  selector:
    matchLabels:
      app.kubernetes.io/instance: agent-operator
      app.kubernetes.io/name: grafana-agent-operator
  template:
    metadata:
      labels:
        app.kubernetes.io/instance: agent-operator
        app.kubernetes.io/name: grafana-agent-operator
    spec:
      containers:
        - args:
            - --kubelet-service=default/kubelet
          image: docker.io/grafana/agent-operator:v0.40.1
          imagePullPolicy: IfNotPresent
          name: grafana-agent-operator
      serviceAccountName: agent-operator
