apiVersion: v1
kind: Namespace
metadata:
  annotations: {}
  labels:
    name: efk-observer-etcd
  name: efk-observer-etcd
