apiVersion: v1
data: {}
kind: Secret
metadata:
  annotations: {}
  labels:
    name: etcd-root-auth
  name: etcd-root-auth
  namespace: efk-observer-etcd
stringData:
  password: ?{vaultkv:t-silent-test-1234/c-green-test-1234/observer/etcd/rootPassword:7d5b2fe0}
type: Opaque
---
apiVersion: v1
data: {}
kind: Secret
metadata:
  annotations: {}
  labels:
    name: etcd-token-private-key
  name: etcd-token-private-key
  namespace: efk-observer-etcd
stringData:
  jwt-token.pem: ?{vaultkv:t-silent-test-1234/c-green-test-1234/observer/etcd/tokenPrivkey:31e3f3d5}
type: Opaque
