apiVersion: objectbucket.io/v1alpha1
kind: ObjectBucketClaim
metadata:
  labels:
    app.kubernetes.io/instance: mimir
    app.kubernetes.io/managed-by: commodore
    app.kubernetes.io/name: insight-mimir-metrics-store
  name: insight-mimir-metrics-store
  namespace: efk-insight-mimir
spec:
  bucketName: insight-mimir-metrics-store
  storageClassName: ceph-bucket
