apiVersion: v1
kind: Namespace
metadata:
  annotations: {}
  labels:
    name: efk-insight-etcd
  name: efk-insight-etcd
