apiVersion: v1
data: {}
kind: Secret
metadata:
  annotations: {}
  labels:
    name: etcd-root-auth
  name: etcd-root-auth
  namespace: efk-insight-etcd
stringData:
  password: ?{vaultkv:t-silent-test-1234/c-green-test-1234/insight/etcd/rootPassword:3ce3866a}
type: Opaque
---
apiVersion: v1
data: {}
kind: Secret
metadata:
  annotations: {}
  labels:
    name: etcd-token-private-key
  name: etcd-token-private-key
  namespace: efk-insight-etcd
stringData:
  jwt-token.pem: ?{vaultkv:t-silent-test-1234/c-green-test-1234/insight/etcd/tokenPrivkey:1fadb16d}
type: Opaque
