apiVersion: apps/v1
kind: Deployment
metadata:
  labels:
    app.kubernetes.io/instance: grafana-operator
    app.kubernetes.io/managed-by: Helm
    app.kubernetes.io/name: grafana-operator
    app.kubernetes.io/version: v5.6.3
    helm.sh/chart: grafana-operator-0.1.3
  name: grafana-operator
  namespace: efk-operator-grafana
spec:
  replicas: 1
  selector:
    matchLabels:
      app.kubernetes.io/instance: grafana-operator
      app.kubernetes.io/name: grafana-operator
  template:
    metadata:
      labels:
        app.kubernetes.io/instance: grafana-operator
        app.kubernetes.io/name: grafana-operator
    spec:
      containers:
        - args:
            - --health-probe-bind-address=:8081
            - --metrics-bind-address=0.0.0.0:9090
          env:
            - name: WATCH_NAMESPACE
              value: null
          image: ghcr.io/grafana/grafana-operator:v5.6.3
          imagePullPolicy: IfNotPresent
          livenessProbe:
            httpGet:
              path: /healthz
              port: 8081
          name: grafana-operator
          ports:
            - containerPort: 9090
              name: metrics
              protocol: TCP
          readinessProbe:
            httpGet:
              path: /readyz
              port: 8081
          securityContext:
            capabilities:
              drop:
                - ALL
            readOnlyRootFilesystem: true
            runAsNonRoot: true
          volumeMounts:
            - mountPath: /tmp/dashboards
              name: dashboards-dir
      serviceAccountName: grafana-operator
      volumes:
        - emptyDir: {}
          name: dashboards-dir
