apiVersion: v1
kind: Service
metadata:
  labels:
    app.kubernetes.io/instance: grafana-operator
    app.kubernetes.io/managed-by: Helm
    app.kubernetes.io/name: grafana-operator
    app.kubernetes.io/version: v5.6.3
    helm.sh/chart: grafana-operator-0.1.3
  name: grafana-operator-metrics-service
  namespace: efk-operator-grafana
spec:
  ports:
    - name: metrics
      port: 9090
      protocol: TCP
      targetPort: metrics
  selector:
    app.kubernetes.io/instance: grafana-operator
    app.kubernetes.io/name: grafana-operator
  type: ClusterIP
