apiVersion: v1
automountServiceAccountToken: true
kind: ServiceAccount
metadata:
  labels:
    app.kubernetes.io/instance: grafana-operator
    app.kubernetes.io/managed-by: Helm
    app.kubernetes.io/name: grafana-operator
    app.kubernetes.io/version: v5.6.3
    helm.sh/chart: grafana-operator-0.1.3
  name: grafana-operator
  namespace: efk-operator-grafana
