apiVersion: v1
data:
  runtime.yaml: |2

    {}
kind: ConfigMap
metadata:
  labels:
    app.kubernetes.io/instance: mimir
    app.kubernetes.io/managed-by: Helm
    app.kubernetes.io/name: mimir
    app.kubernetes.io/version: 2.11.0
    helm.sh/chart: mimir-distributed-5.2.2
  name: mimir-runtime
  namespace: efk-observer-mimir
