apiVersion: v1
kind: Service
metadata:
  annotations: {}
  labels:
    app.kubernetes.io/component: query-frontend
    app.kubernetes.io/instance: mimir
    app.kubernetes.io/managed-by: Helm
    app.kubernetes.io/name: mimir
    app.kubernetes.io/version: 2.7.1
    helm.sh/chart: mimir-distributed-4.3.0
    prometheus.io/service-monitor: 'false'
  name: mimir-query-frontend-headless
  namespace: efk-insight-mimir
spec:
  clusterIP: None
  ports:
    - name: http-metrics
      port: 8080
      protocol: TCP
      targetPort: http-metrics
    - name: grpc
      port: 9095
      protocol: TCP
      targetPort: grpc
  publishNotReadyAddresses: true
  selector:
    app.kubernetes.io/component: query-frontend
    app.kubernetes.io/instance: mimir
    app.kubernetes.io/name: mimir
  type: ClusterIP
