apiVersion: v1
kind: Service
metadata:
  labels:
    app.kubernetes.io/component: gossip-ring
    app.kubernetes.io/instance: mimir
    app.kubernetes.io/managed-by: Helm
    app.kubernetes.io/name: mimir
    app.kubernetes.io/version: 2.7.1
    helm.sh/chart: mimir-distributed-4.3.0
  name: mimir-gossip-ring
  namespace: efk-insight-mimir
spec:
  clusterIP: None
  ports:
    - name: gossip-ring
      port: 7946
      protocol: TCP
      targetPort: 7946
  publishNotReadyAddresses: true
  selector:
    app.kubernetes.io/instance: mimir
    app.kubernetes.io/name: mimir
    app.kubernetes.io/part-of: memberlist
  type: ClusterIP
