apiVersion: v1
kind: Namespace
metadata:
  labels:
    app.kubernetes.io/managed-by: commodore
    app.kubernetes.io/name: efk-operator-grafana
    app.kubernetes.io/part-of: insights
    pod-security.kubernetes.io/audit: restricted
    pod-security.kubernetes.io/enforce: baseline
    pod-security.kubernetes.io/warn: restricted
  name: efk-operator-grafana
