apiVersion: rbac.authorization.k8s.io/v1
kind: RoleBinding
metadata:
  name: mimir-rollout-operator
roleRef:
  apiGroup: rbac.authorization.k8s.io
  kind: Role
  name: mimir-rollout-operator
subjects:
  - kind: ServiceAccount
    name: mimir-rollout-operator
