apiVersion: v1
kind: Service
metadata:
  annotations: {}
  labels:
    app.kubernetes.io/component: querier
    app.kubernetes.io/instance: mimir
    app.kubernetes.io/managed-by: Helm
    app.kubernetes.io/name: mimir
    app.kubernetes.io/part-of: memberlist
    app.kubernetes.io/version: 2.11.0
    helm.sh/chart: mimir-distributed-5.2.2
  name: mimir-querier
  namespace: efk-observer-mimir
spec:
  ports:
    - name: http-metrics
      port: 8080
      protocol: TCP
      targetPort: http-metrics
    - name: grpc
      port: 9095
      protocol: TCP
      targetPort: grpc
  selector:
    app.kubernetes.io/component: querier
    app.kubernetes.io/instance: mimir
    app.kubernetes.io/name: mimir
  type: ClusterIP
