apiVersion: v1
kind: Service
metadata:
  labels:
    app.kubernetes.io/component: gossip-ring
    app.kubernetes.io/instance: mimir
    app.kubernetes.io/managed-by: Helm
    app.kubernetes.io/name: mimir
    app.kubernetes.io/version: 2.11.0
    helm.sh/chart: mimir-distributed-5.2.2
  name: mimir-gossip-ring
  namespace: efk-observer-mimir
spec:
  clusterIP: None
  ports:
    - appProtocol: tcp
      name: gossip-ring
      port: 7946
      protocol: TCP
      targetPort: 7946
  publishNotReadyAddresses: true
  selector:
    app.kubernetes.io/instance: mimir
    app.kubernetes.io/name: mimir
    app.kubernetes.io/part-of: memberlist
  type: ClusterIP
