apiVersion: rbac.authorization.k8s.io/v1
kind: ClusterRole
metadata:
  labels:
    app.kubernetes.io/instance: grafana-operator
    app.kubernetes.io/managed-by: Helm
    app.kubernetes.io/name: grafana-operator
    app.kubernetes.io/version: v5.6.3
    helm.sh/chart: grafana-operator-0.1.3
  name: grafana-operator
rules:
  - apiGroups:
      - ''
    resources:
      - configmaps
    verbs:
      - get
      - list
      - watch
      - create
      - update
      - patch
      - delete
  - apiGroups:
      - coordination.k8s.io
    resources:
      - leases
    verbs:
      - get
      - list
      - watch
      - create
      - update
      - patch
      - delete
  - apiGroups:
      - ''
    resources:
      - events
    verbs:
      - create
      - patch
  - apiGroups:
      - ''
    resources:
      - configmaps
      - persistentvolumeclaims
      - secrets
      - serviceaccounts
      - services
    verbs:
      - create
      - delete
      - get
      - list
      - patch
      - update
      - watch
  - apiGroups:
      - ''
    resources:
      - events
    verbs:
      - create
      - get
      - list
      - patch
      - watch
  - apiGroups:
      - apps
    resources:
      - deployments
    verbs:
      - create
      - delete
      - get
      - list
      - patch
      - update
      - watch
  - apiGroups:
      - grafana.integreatly.org
    resources:
      - grafanadashboards
    verbs:
      - create
      - delete
      - get
      - list
      - patch
      - update
      - watch
  - apiGroups:
      - grafana.integreatly.org
    resources:
      - grafanadashboards/finalizers
    verbs:
      - update
  - apiGroups:
      - grafana.integreatly.org
    resources:
      - grafanadashboards/status
    verbs:
      - get
      - patch
      - update
  - apiGroups:
      - grafana.integreatly.org
    resources:
      - grafanadatasources
    verbs:
      - create
      - delete
      - get
      - list
      - patch
      - update
      - watch
  - apiGroups:
      - grafana.integreatly.org
    resources:
      - grafanadatasources/finalizers
    verbs:
      - update
  - apiGroups:
      - grafana.integreatly.org
    resources:
      - grafanadatasources/status
    verbs:
      - get
      - patch
      - update
  - apiGroups:
      - grafana.integreatly.org
    resources:
      - grafanafolders
    verbs:
      - create
      - delete
      - get
      - list
      - patch
      - update
      - watch
  - apiGroups:
      - grafana.integreatly.org
    resources:
      - grafanafolders/finalizers
    verbs:
      - update
  - apiGroups:
      - grafana.integreatly.org
    resources:
      - grafanafolders/status
    verbs:
      - get
      - patch
      - update
  - apiGroups:
      - grafana.integreatly.org
    resources:
      - grafanas
    verbs:
      - create
      - delete
      - get
      - list
      - patch
      - update
      - watch
  - apiGroups:
      - grafana.integreatly.org
    resources:
      - grafanas/finalizers
    verbs:
      - update
  - apiGroups:
      - grafana.integreatly.org
    resources:
      - grafanas/status
    verbs:
      - get
      - patch
      - update
  - apiGroups:
      - networking.k8s.io
    resources:
      - ingresses
    verbs:
      - create
      - delete
      - get
      - list
      - patch
      - update
      - watch
---
apiVersion: rbac.authorization.k8s.io/v1
kind: ClusterRoleBinding
metadata:
  labels:
    app.kubernetes.io/instance: grafana-operator
    app.kubernetes.io/managed-by: Helm
    app.kubernetes.io/name: grafana-operator
    app.kubernetes.io/version: v5.6.3
    helm.sh/chart: grafana-operator-0.1.3
  name: grafana-operator
roleRef:
  apiGroup: rbac.authorization.k8s.io
  kind: ClusterRole
  name: grafana-operator
subjects:
  - kind: ServiceAccount
    name: grafana-operator
    namespace: efk-operator-sentry
