apiVersion: policy/v1
kind: PodDisruptionBudget
metadata:
  labels:
    app.kubernetes.io/component: ingester
    app.kubernetes.io/instance: mimir
    app.kubernetes.io/managed-by: Helm
    app.kubernetes.io/name: mimir
    app.kubernetes.io/version: 2.7.1
    helm.sh/chart: mimir-distributed-4.3.0
  name: mimir-ingester
  namespace: efk-observer-mimir
spec:
  maxUnavailable: 1
  selector:
    matchLabels:
      app.kubernetes.io/component: ingester
      app.kubernetes.io/instance: mimir
      app.kubernetes.io/name: mimir
